// Jest Snapshot v1, https://goo.gl/fbAQLP

exports[`renders BreadcrumbNav unchanged 1`] = `
<DocumentFragment>
  <nav
    aria-label="breadcrumb"
    class="chakra-breadcrumb css-0"
  >
    <ol
      class="chakra-breadcrumb__list css-0"
    >
      <li
        class="chakra-breadcrumb__list-item css-0"
      >
        <a
          class="chakra-breadcrumb__link css-0"
          href="/"
        >
          Home
        </a>
        <span
          class="css-0"
          role="presentation"
        >
          <svg
            aria-hidden="true"
            class="MuiSvgIcon-root MuiSvgIcon-fontSizeMedium css-i4bv87-MuiSvgIcon-root"
            data-testid="ChevronRightIcon"
            focusable="false"
            viewBox="0 0 24 24"
          >
            <path
              d="M10 6 8.59 7.41 13.17 12l-4.58 4.59L10 18l6-6z"
            />
          </svg>
        </span>
      </li>
      <li
        class="chakra-breadcrumb__list-item css-0"
      >
        <a
          class="chakra-breadcrumb__link css-0"
          href="/docs"
        >
          Docs
        </a>
        <span
          class="css-0"
          role="presentation"
        >
          <svg
            aria-hidden="true"
            class="MuiSvgIcon-root MuiSvgIcon-fontSizeMedium css-i4bv87-MuiSvgIcon-root"
            data-testid="ChevronRightIcon"
            focusable="false"
            viewBox="0 0 24 24"
          >
            <path
              d="M10 6 8.59 7.41 13.17 12l-4.58 4.59L10 18l6-6z"
            />
          </svg>
        </span>
      </li>
      <li
        class="chakra-breadcrumb__list-item css-0"
      >
        <span
          aria-current="page"
          class="chakra-breadcrumb__link css-0"
        >
          Breadcrumb
        </span>
      </li>
    </ol>
  </nav>
</DocumentFragment>
`;
