// Jest Snapshot v1, https://goo.gl/fbAQLP

exports[`renders Container unchanged 1`] = `
<DocumentFragment>
  <div
    class="chakra-container css-0"
  >
    <main
      class="css-0"
    >
      Main contents
    </main>
    <div
      class="css-0"
    >
      © 2022-22 midorimici
    </div>
  </div>
</DocumentFragment>
`;
